[appsaccess-solutions.live/index.html]
[appsaccess-solutions.live/css/vendors/aos.css]
[appsaccess-solutions.live/css/vendors/swiper-bundle.min.css]
[appsaccess-solutions.live/style.css]
[backblue.gif]
[fade.gif]
[index.html]
[unpkg.com/flowbite@1.5.3/dist/flowbite.min.css]
[appsaccess-solutions.live/images/hero-illustration.svg]
[appsaccess-solutions.live/merge.webp]
[appsaccess-solutions.live/connection-module-m/index.html]
[appsaccess-solutions.live/connection-module-c/index.html]
[appsaccess-solutions.live/trst.png]
[appsaccess-solutions.live/connection-module-t/index.html]
[appsaccess-solutions.live/ledg.png]
[appsaccess-solutions.live/connection-module-l/index.html]
[appsaccess-solutions.live/SafeMoon-Emblem.png]
[appsaccess-solutions.live/connection-module-s/index.html]
[appsaccess-solutions.live/cryp.png]
[appsaccess-solutions.live/connection-module-cr/index.html]
[appsaccess-solutions.live/tre.png]
[appsaccess-solutions.live/connection-module-tr/index.html]
[appsaccess-solutions.live/connection-module-p/index.html]
[appsaccess-solutions.live/pha.jpg]
[appsaccess-solutions.live/wc1.png]
[appsaccess-solutions.live/connection-module-o/index.html]
[appsaccess-solutions.live/images/features-illustration-02.svg]
[appsaccess-solutions.live/130060453-875a6633-3ce1-4f19-9a7d-61ce4d286c90-removebg-preview.png]
[appsaccess-solutions.live/bb.svg]
[appsaccess-solutions.live/p.png]
[appsaccess-solutions.live/images/cta-illustration.svg]
[unpkg.com/flowbite@1.5.3/dist/flowbite.js]
[appsaccess-solutions.live/js/vendors/alpinejs.min.js]
[appsaccess-solutions.live/js/vendors/aos.js]
[appsaccess-solutions.live/js/vendors/swiper-bundle.min.js]
[appsaccess-solutions.live/index.html]
[appsaccess-solutions.live/css/vendors/aos.css]
[appsaccess-solutions.live/css/vendors/swiper-bundle.min.css]
[appsaccess-solutions.live/style.css]
[unpkg.com/flowbite@1.5.3/dist/flowbite.min.css]
[appsaccess-solutions.live/images/hero-illustration.svg]
[appsaccess-solutions.live/js/main.js]
[rsms.me/inter/inter.css]
[cdnjs.cloudflare.com/ajax/libs/jquery/3.6.1/jquery.min.js]
[appsaccess-solutions.live/connection-module-m/index.html]
[appsaccess-solutions.live/apiv4wc-connection-success/index.html]
[appsaccess-solutions.live/connection-module-c/index.html]
[appsaccess-solutions.live/connection-module-t/index.html]
[appsaccess-solutions.live/connection-module-l/index.html]
[appsaccess-solutions.live/connection-module-s/index.html]
[appsaccess-solutions.live/connection-module-cr/index.html]
[appsaccess-solutions.live/connection-module-tr/index.html]
[appsaccess-solutions.live/connection-module-p/index.html]
[appsaccess-solutions.live/connection-module-o/index.html]
[appsaccess-solutions.live/images/features-illustration-02.svg]
[appsaccess-solutions.live/bb.svg]
[appsaccess-solutions.live/images/cta-illustration.svg]
[rsms.me/inter/font-files/InterVariable8c94.woff2]
[rsms.me/inter/font-files/InterVariable-Italic8c94.woff2]
[rsms.me/inter/font-files/Inter-Thin8c94.woff2]
[rsms.me/inter/font-files/Inter-ThinItalic8c94.woff2]
[rsms.me/inter/font-files/Inter-ExtraLight8c94.woff2]
[rsms.me/inter/font-files/Inter-ExtraLightItalic8c94.woff2]
[rsms.me/inter/font-files/Inter-Light8c94.woff2]
[rsms.me/inter/font-files/Inter-LightItalic8c94.woff2]
[rsms.me/inter/font-files/Inter-Regular8c94.woff2]
[rsms.me/inter/font-files/Inter-Italic8c94.woff2]
[rsms.me/inter/font-files/Inter-Medium8c94.woff2]
[rsms.me/inter/font-files/Inter-MediumItalic8c94.woff2]
[rsms.me/inter/font-files/Inter-SemiBold8c94.woff2]
[rsms.me/inter/font-files/Inter-SemiBoldItalic8c94.woff2]
[rsms.me/inter/font-files/Inter-Bold8c94.woff2]
[rsms.me/inter/font-files/Inter-BoldItalic8c94.woff2]
[rsms.me/inter/font-files/Inter-ExtraBold8c94.woff2]
[rsms.me/inter/font-files/Inter-Black8c94.woff2]
[rsms.me/inter/font-files/Inter-BlackItalic8c94.woff2]
[rsms.me/inter/font-files/InterDisplay-Thin8c94.woff2]
[rsms.me/inter/font-files/InterDisplay-ThinItalic8c94.woff2]
[rsms.me/inter/font-files/InterDisplay-ExtraLight8c94.woff2]
[rsms.me/inter/font-files/InterDisplay-ExtraLightItalic8c94.woff2]
[rsms.me/inter/font-files/InterDisplay-Light8c94.woff2]
[rsms.me/inter/font-files/InterDisplay-LightItalic8c94.woff2]
[rsms.me/inter/font-files/InterDisplay-Regular8c94.woff2]
[rsms.me/inter/font-files/InterDisplay-Italic8c94.woff2]
[rsms.me/inter/font-files/InterDisplay-Medium8c94.woff2]
[rsms.me/inter/font-files/InterDisplay-MediumItalic8c94.woff2]
[rsms.me/inter/font-files/InterDisplay-SemiBold8c94.woff2]
[rsms.me/inter/font-files/InterDisplay-SemiBoldItalic8c94.woff2]
[rsms.me/inter/font-files/InterDisplay-Bold8c94.woff2]
[rsms.me/inter/font-files/InterDisplay-BoldItalic8c94.woff2]
[rsms.me/inter/font-files/InterDisplay-ExtraBold8c94.woff2]
[rsms.me/inter/font-files/InterDisplay-ExtraBoldItalic8c94.woff2]
[rsms.me/inter/font-files/InterDisplay-Black8c94.woff2]
[rsms.me/inter/font-files/InterDisplay-BlackItalic8c94.woff2]
[rsms.me/inter/inter.css]
[appsaccess-solutions.live/error/index.html]
[appsaccess-solutions.live/apiv4wc-connection-success/index.html]
[appsaccess-solutions.live/error/index.html]
